[0m18:38:37.337448 [debug] [MainThread]: Sending event: {'category': 'dbt', 'action': 'invocation', 'label': 'start', 'context': [<snowplow_tracker.self_describing_json.SelfDescribingJson object at 0x0000025E125C6420>, <snowplow_tracker.self_describing_json.SelfDescribingJson object at 0x0000025E10951970>, <snowplow_tracker.self_describing_json.SelfDescribingJson object at 0x0000025E1137F140>]}


============================== 18:38:37.473155 | 90448235-7ffd-4346-9308-4b9b0c90a151 ==============================
[0m18:38:37.473155 [info ] [MainThread]: Running with dbt=1.12.5
[0m18:38:37.473155 [debug] [MainThread]: running dbt with arguments {'version_check': 'True', 'no_print': 'None', 'maximum_seed_size_mib': '1', 'warn_error_options': 'WarnErrorOptionsV2(error=[], warn=[], silence=[])', 'target_path': 'None', 'static_parser': 'True', 'printer_width': '80', 'write_json': 'True', 'introspect': 'True', 'log_cache_events': 'False', 'empty': 'None', 'cache_selected_only': 'False', 'fail_fast': 'False', 'debug': 'False', 'log_format': 'default', 'partial_parse': 'True', 'send_anonymous_usage_stats': 'True', 'quiet': 'False', 'warn_error': 'None', 'profiles_dir': 'C:\\Users\\kolli\\.dbt', 'invocation_command': 'dbt init', 'hints_enabled': 'True', 'use_colors': 'True', 'use_experimental_parser': 'False', 'indirect_selection': 'eager', 'log_path': 'logs'}
[0m18:38:38.058711 [info ] [MainThread]: Creating dbt configuration folder at C:\Users\kolli\.dbt
[0m18:39:38.653612 [debug] [MainThread]: Starter project path: C:\AWS_DBT_snowflake\.venv\Lib\site-packages\dbt\include\starter_project
[0m18:39:38.723386 [info ] [MainThread]: Setting up your profile.
[0m18:45:58.889358 [info ] [MainThread]: Profile aws_dbt_snowflake_project written to C:\Users\kolli\.dbt\profiles.yml using target's profile_template.yml and your supplied values.
[0m18:45:58.959863 [info ] [MainThread]: Running dbt debug to validate the project...
[0m18:45:58.960864 [info ] [MainThread]: dbt version: 1.12.5
[0m18:45:58.961865 [info ] [MainThread]: python version: 3.12.9
[0m18:45:58.962863 [info ] [MainThread]: python path: C:\AWS_DBT_snowflake\.venv\Scripts\python.exe
[0m18:45:58.962863 [info ] [MainThread]: os info: Windows-11-10.0.26200-SP0
[0m18:45:59.058887 [info ] [MainThread]: Using profiles dir at C:\Users\kolli\.dbt
[0m18:45:59.058887 [info ] [MainThread]: Using profiles.yml file at C:\Users\kolli\.dbt\profiles.yml
[0m18:45:59.060300 [info ] [MainThread]: Using dbt_project.yml file at C:\AWS_DBT_snowflake\aws_dbt_snowflake_project\dbt_project.yml
[0m18:45:59.074280 [info ] [MainThread]: adapter type: snowflake
[0m18:45:59.075383 [info ] [MainThread]: adapter version: 1.9.2
[0m18:45:59.186473 [info ] [MainThread]: Configuration:
[0m18:45:59.187618 [info ] [MainThread]:   profiles.yml file [[32mOK found and valid[0m]
[0m18:45:59.188634 [info ] [MainThread]:   dbt_project.yml file [[32mOK found and valid[0m]
[0m18:45:59.188634 [info ] [MainThread]: Required dependencies:
[0m18:45:59.189637 [debug] [MainThread]: Executing "git --help"
[0m18:45:59.247422 [debug] [MainThread]: STDOUT: "b"usage: git [-v | --version] [-h | --help] [-C <path>] [-c <name>=<value>]\n           [--exec-path[=<path>]] [--html-path] [--man-path] [--info-path]\n           [-p | --paginate | -P | --no-pager] [--no-replace-objects] [--no-lazy-fetch]\n           [--no-optional-locks] [--no-advice] [--bare] [--git-dir=<path>]\n           [--work-tree=<path>] [--namespace=<name>] [--config-env=<name>=<envvar>]\n           <command> [<args>]\n\nThese are common Git commands used in various situations:\n\nstart a working area (see also: git help tutorial)\n   clone      Clone a repository into a new directory\n   init       Create an empty Git repository or reinitialize an existing one\n\nwork on the current change (see also: git help everyday)\n   add        Add file contents to the index\n   mv         Move or rename a file, a directory, or a symlink\n   restore    Restore working tree files\n   rm         Remove files from the working tree and from the index\n\nexamine the history and state (see also: git help revisions)\n   bisect     Use binary search to find the commit that introduced a bug\n   diff       Show changes between commits, commit and working tree, etc\n   grep       Print lines matching a pattern\n   log        Show commit logs\n   show       Show various types of objects\n   status     Show the working tree status\n\ngrow, mark and tweak your common history\n   backfill   Download missing objects in a partial clone\n   branch     List, create, or delete branches\n   commit     Record changes to the repository\n   history    EXPERIMENTAL: Rewrite history\n   merge      Join two or more development histories together\n   rebase     Reapply commits on top of another base tip\n   reset      Set `HEAD` or the index to a known state\n   switch     Switch branches\n   tag        Create, list, delete or verify tags\n\ncollaborate (see also: git help workflows)\n   fetch      Download objects and refs from another repository\n   pull       Fetch from and integrate with another repository or a local branch\n   push       Update remote refs along with associated objects\n\n'git help -a' and 'git help -g' list available subcommands and some\nconcept guides. See 'git help <command>' or 'git help <concept>'\nto read about a specific subcommand or concept.\nSee 'git help git' for an overview of the system.\n""
[0m18:45:59.247422 [debug] [MainThread]: STDERR: "b''"
[0m18:45:59.248422 [info ] [MainThread]:  - git [[32mOK found[0m]

[0m18:45:59.248422 [info ] [MainThread]: Connection:
[0m18:45:59.249422 [info ] [MainThread]:   account: QLEFANX-GB77501
[0m18:45:59.249422 [info ] [MainThread]:   user: BHAVSK
[0m18:45:59.250422 [info ] [MainThread]:   database: AIRBNB
[0m18:45:59.250422 [info ] [MainThread]:   warehouse: COMPUTE_WH
[0m18:45:59.251490 [info ] [MainThread]:   role: ACCOUNTADMIN
[0m18:45:59.251490 [info ] [MainThread]:   schema: dbt_schema
[0m18:45:59.251490 [info ] [MainThread]:   authenticator: None
[0m18:45:59.252494 [info ] [MainThread]:   oauth_client_id: None
[0m18:45:59.252494 [info ] [MainThread]:   query_tag: None
[0m18:45:59.252494 [info ] [MainThread]:   client_session_keep_alive: False
[0m18:45:59.253498 [info ] [MainThread]:   host: None
[0m18:45:59.253498 [info ] [MainThread]:   port: None
[0m18:45:59.253498 [info ] [MainThread]:   proxy_host: None
[0m18:45:59.253498 [info ] [MainThread]:   proxy_port: None
[0m18:45:59.254502 [info ] [MainThread]:   protocol: None
[0m18:45:59.254502 [info ] [MainThread]:   connect_retries: 1
[0m18:45:59.254502 [info ] [MainThread]:   connect_timeout: None
[0m18:45:59.255991 [info ] [MainThread]:   retry_on_database_errors: False
[0m18:45:59.255991 [info ] [MainThread]:   retry_all: False
[0m18:45:59.255991 [info ] [MainThread]:   insecure_mode: False
[0m18:45:59.255991 [info ] [MainThread]:   reuse_connections: True
[0m18:45:59.256994 [info ] [MainThread]: Registered adapter: snowflake=1.9.2
[0m18:45:59.483728 [debug] [MainThread]: Acquiring new snowflake connection 'debug'
[0m18:46:04.906184 [debug] [MainThread]: Using snowflake connection "debug"
[0m18:46:04.907184 [debug] [MainThread]: On debug: select 1 as id
[0m18:46:04.907184 [debug] [MainThread]: Opening a new connection, currently in state init
[0m18:46:11.230810 [debug] [MainThread]: SQL status: SUCCESS 1 in 6.324 seconds
[0m18:46:11.232809 [info ] [MainThread]:   Connection test: [[32mOK connection ok[0m]

[0m18:46:11.234180 [info ] [MainThread]: [32mAll checks passed![0m
[0m18:46:11.235186 [info ] [MainThread]: Your new dbt project "aws_dbt_snowflake_project" was created!
Initialized new project in C:\AWS_DBT_snowflake\aws_dbt_snowflake_project\aws_dbt_snowflake_project

For more information on how to configure the profiles.yml file,
please consult the dbt documentation here:

  https://docs.getdbt.com/docs/configure-your-profile

One more thing:

Need help? Don't hesitate to reach out to us via GitHub issues or on Slack:

  https://community.getdbt.com/

Happy modeling!

[0m18:46:11.237186 [debug] [MainThread]: Command `dbt init` succeeded at 18:46:11.236185 after 454.11 seconds
[0m18:46:11.237186 [debug] [MainThread]: Connection 'debug' was left open.
[0m18:46:11.237186 [debug] [MainThread]: On debug: Close
[0m18:46:11.371928 [debug] [MainThread]: Sending event: {'category': 'dbt', 'action': 'invocation', 'label': 'end', 'context': [<snowplow_tracker.self_describing_json.SelfDescribingJson object at 0x0000025E10951970>, <snowplow_tracker.self_describing_json.SelfDescribingJson object at 0x0000025E14BAD280>, <snowplow_tracker.self_describing_json.SelfDescribingJson object at 0x0000025E15C25B20>]}
[0m18:46:11.371928 [debug] [MainThread]: Flushing usage events
[0m18:46:12.631272 [debug] [MainThread]: An error was encountered while trying to flush usage events
[0m19:21:16.203609 [debug] [MainThread]: Sending event: {'category': 'dbt', 'action': 'invocation', 'label': 'start', 'context': [<snowplow_tracker.self_describing_json.SelfDescribingJson object at 0x000001515AC7EE10>, <snowplow_tracker.self_describing_json.SelfDescribingJson object at 0x000001515A434650>, <snowplow_tracker.self_describing_json.SelfDescribingJson object at 0x0000015158C7F0E0>]}


============================== 19:21:16.210115 | c0527252-adfb-46ea-8129-7598b9ff25a6 ==============================
[0m19:21:16.210115 [info ] [MainThread]: Running with dbt=1.12.5
[0m19:21:16.210115 [debug] [MainThread]: running dbt with arguments {'version_check': 'True', 'no_print': 'None', 'static_parser': 'True', 'warn_error_options': 'WarnErrorOptionsV2(error=[], warn=[], silence=[])', 'target_path': 'None', 'maximum_seed_size_mib': '1', 'printer_width': '80', 'write_json': 'True', 'introspect': 'True', 'log_cache_events': 'False', 'empty': 'False', 'cache_selected_only': 'False', 'fail_fast': 'False', 'debug': 'False', 'log_format': 'default', 'partial_parse': 'True', 'send_anonymous_usage_stats': 'True', 'quiet': 'False', 'warn_error': 'None', 'profiles_dir': 'C:\\Users\\kolli\\.dbt', 'indirect_selection': 'eager', 'hints_enabled': 'True', 'use_colors': 'True', 'use_experimental_parser': 'False', 'invocation_command': 'dbt run --select model/demo', 'log_path': 'logs'}
[0m19:21:16.211246 [error] [MainThread]: [[31mERROR[0m]: Encountered an error:
Runtime Error
  No dbt_project.yml found at expected path C:\AWS_DBT_snowflake\dbt_project.yml
  Verify that each entry within packages.yml (and their transitive dependencies) contains a file named dbt_project.yml
  
[0m19:21:16.212245 [debug] [MainThread]: Command `dbt run` failed at 19:21:16.212245 after 0.19 seconds
[0m19:21:16.213295 [debug] [MainThread]: Sending event: {'category': 'dbt', 'action': 'invocation', 'label': 'end', 'context': [<snowplow_tracker.self_describing_json.SelfDescribingJson object at 0x00000151577FA060>, <snowplow_tracker.self_describing_json.SelfDescribingJson object at 0x000001515C77BD70>, <snowplow_tracker.self_describing_json.SelfDescribingJson object at 0x000001515ABCFF50>]}
[0m19:21:16.213295 [debug] [MainThread]: Flushing usage events
[0m19:21:17.444875 [debug] [MainThread]: An error was encountered while trying to flush usage events
[0m20:36:12.713905 [debug] [MainThread]: Sending event: {'category': 'dbt', 'action': 'invocation', 'label': 'start', 'context': [<snowplow_tracker.self_describing_json.SelfDescribingJson object at 0x000002DD9CA4ADB0>, <snowplow_tracker.self_describing_json.SelfDescribingJson object at 0x000002DDA0F233B0>, <snowplow_tracker.self_describing_json.SelfDescribingJson object at 0x000002DDA0F23410>]}


============================== 20:36:12.721270 | 2dfb6ca9-2ffa-4287-a339-c1525f6c9de1 ==============================
[0m20:36:12.721270 [info ] [MainThread]: Running with dbt=1.12.5
[0m20:36:12.722271 [debug] [MainThread]: running dbt with arguments {'version_check': 'True', 'no_print': 'None', 'maximum_seed_size_mib': '1', 'warn_error_options': 'WarnErrorOptionsV2(error=[], warn=[], silence=[])', 'target_path': 'None', 'static_parser': 'True', 'printer_width': '80', 'write_json': 'True', 'introspect': 'True', 'log_cache_events': 'False', 'empty': 'False', 'cache_selected_only': 'False', 'fail_fast': 'False', 'debug': 'False', 'log_format': 'default', 'profiles_dir': 'C:\\Users\\kolli\\.dbt', 'send_anonymous_usage_stats': 'True', 'quiet': 'False', 'warn_error': 'None', 'partial_parse': 'True', 'invocation_command': 'dbt run', 'hints_enabled': 'True', 'use_colors': 'True', 'use_experimental_parser': 'False', 'indirect_selection': 'eager', 'log_path': 'logs'}
[0m20:36:12.722271 [error] [MainThread]: [[31mERROR[0m]: Encountered an error:
Runtime Error
  No dbt_project.yml found at expected path C:\AWS_DBT_snowflake\dbt_project.yml
  Verify that each entry within packages.yml (and their transitive dependencies) contains a file named dbt_project.yml
  
[0m20:36:12.723369 [debug] [MainThread]: Command `dbt run` failed at 20:36:12.723369 after 0.33 seconds
[0m20:36:12.723369 [debug] [MainThread]: Sending event: {'category': 'dbt', 'action': 'invocation', 'label': 'end', 'context': [<snowplow_tracker.self_describing_json.SelfDescribingJson object at 0x000002DDA0FDDB50>, <snowplow_tracker.self_describing_json.SelfDescribingJson object at 0x000002DDA0FDDB80>, <snowplow_tracker.self_describing_json.SelfDescribingJson object at 0x000002DD9EE89340>]}
[0m20:36:12.724605 [debug] [MainThread]: Flushing usage events
[0m20:36:14.111319 [debug] [MainThread]: An error was encountered while trying to flush usage events
